// Vitest Snapshot v1, https://vitest.dev/guide/snapshot.html

exports[`<InfinityMenu /> > should render correctly 1`] = `
<div>
  <div
    class="navigation-menu navigation-open"
    id="navigation-menu"
  >
    <div
      style="min-height: 0px;"
    >
      <div
        class=" "
        style="transform: translateZ(0);"
      >
        <div
          class="navigation-header clearfix"
        >
          <button
            class="pull-left nav-button"
            type="button"
          >
            <span
              aria-hidden="true"
              class="fa-solid fa-list"
            />
          </button>
        </div>
        <div
          class="navigation-container"
        >
          <div
            class="navigation-toggle"
          >
            <button
              class="nav-button"
              type="button"
            >
              <span
                aria-hidden="true"
                class="fa-solid fa-xmark"
              />
            </button>
          </div>
          <div
            class="navigation-filters clearfix"
          >
            <div
              class="navigation-filters-container"
            >
              <div
                class="row"
              >
                <div
                  class="col-sm-6"
                >
                  <input
                    class="react-infinity-menu-default-search-input"
                    placeholder="Etsi..."
                    type="search"
                    value=""
                  />
                </div>
                <div
                  class="col-sm-6"
                >
                  <div
                    class=""
                  >
                    <div
                      class=""
                    >
                      <div
                        class="Select css-2b097c-container"
                      >
                        <div
                          class=" css-yk16xz-control"
                        >
                          <div
                            class=" css-g1d714-ValueContainer"
                          >
                            <div
                              class=" css-1wa3eu0-placeholder"
                            >
                              Suodata viimeisen tilan mukaan...
                            </div>
                            <div
                              class="css-b8ldur-Input"
                            >
                              <div
                                class=""
                                style="display: inline-block;"
                              >
                                <input
                                  aria-autocomplete="list"
                                  autocapitalize="none"
                                  autocomplete="off"
                                  autocorrect="off"
                                  id="react-select-2-input"
                                  spellcheck="false"
                                  style="box-sizing: content-box; width: 2px; border: 0px; opacity: 1; outline: 0; padding: 0px;"
                                  tabindex="0"
                                  type="text"
                                  value=""
                                />
                                <div
                                  style="position: absolute; top: 0px; left: 0px; visibility: hidden; height: 0px; overflow: scroll; white-space: pre; font-family: -webkit-small-control; letter-spacing: normal; text-transform: none;"
                                />
                              </div>
                            </div>
                          </div>
                          <div
                            class=" css-1hb7zxy-IndicatorsContainer"
                          >
                            <span
                              class=" css-1okebmr-indicatorSeparator"
                            />
                            <div
                              aria-hidden="true"
                              class=" css-tlfecz-indicatorContainer"
                            >
                              <svg
                                aria-hidden="true"
                                class="css-6q0nyr-Svg"
                                focusable="false"
                                height="20"
                                viewBox="0 0 20 20"
                                width="20"
                              >
                                <path
                                  d="M4.516 7.548c0.436-0.446 1.043-0.481 1.576 0l3.908 3.747 3.908-3.747c0.533-0.481 1.141-0.446 1.574 0 0.436 0.445 0.408 1.197 0 1.615-0.406 0.418-4.695 4.502-4.695 4.502-0.217 0.223-0.502 0.335-0.787 0.335s-0.57-0.112-0.789-0.335c0 0-4.287-4.084-4.695-4.502s-0.436-1.17 0-1.615z"
                                />
                              </svg>
                            </div>
                          </div>
                        </div>
                      </div>
                    </div>
                  </div>
                </div>
              </div>
            </div>
            <div
              class="classification-link"
            >
              <a
                class="btn btn-primary btn-sm"
                href="/classification-tree"
              >
                <span
                  aria-hidden="true"
                  class="fa-solid fa-info"
                />
              </a>
            </div>
          </div>
          <div
            class="infinity-menu-container"
          >
            <div
              class="infinity-menu-display-tree-container"
            >
              <div
                class="alert alert-danger"
              >
                <p>
                  Ei tuloksia
                </p>
              </div>
            </div>
          </div>
        </div>
      </div>
    </div>
  </div>
</div>
`;
