// Vitest Snapshot v1, https://vitest.dev/guide/snapshot.html

exports[`<SearchInputs /> > renders correctly 1`] = `
<div>
  <div
    class="col-sm-6"
  >
    <input
      class="react-infinity-menu-default-search-input"
      placeholder="Etsi..."
      type="search"
      value=""
    />
  </div>
</div>
`;
