// Jest Snapshot v1, https://goo.gl/fbAQLP

exports[`<Navigation /> should render correctly 1`] = `
<div>
  <div
    class="validation-bar"
    style="top: 47px;"
  >
    <div
      class="validation-bar-header"
    >
      <h3>
        Esitarkastus
         
        <button
          class="sidebar-close-button pull-right"
          type="button"
        >
          <i
            class="fa-solid fa-xmark"
          />
        </button>
      </h3>
      <div
        class="sidebar-filter"
      >
        <button
          class="sidebar-filter-all btn btn-sm btn-default"
          type="button"
        >
          Kaikki
        </button>
        <button
          class="sidebar-filter-warn btn btn-sm"
          type="button"
        >
          <i
            class="fa-solid fa-circle-exclamation"
          />
           Huomautukset
        </button>
        <button
          class="sidebar-filter-error btn btn-sm"
          type="button"
        >
          <i
            class="fa-solid fa-triangle-exclamation"
          />
           Virheet
        </button>
      </div>
    </div>
    <div
      class="sidebar-content"
    >
      <div
        class="sidebar-invalid-content"
      >
        <h5>
          Käsittelyprosessi
        </h5>
        <div
          class="missing-attributes"
        >
          <div
            class="missing-attribute"
          >
            <i
              class="fa-solid fa-circle-xmark"
            />
             
            Julkisuusluokka
          </div>
          <div
            class="missing-attribute"
          >
            <i
              class="fa-solid fa-circle-xmark"
            />
             
            Säilytysajan laskentaperuste
          </div>
          <div
            class="warn-attribute"
          >
            <i
              class="fa-solid fa-circle-exclamation"
            />
             
            Rekisteröinti/ Tietojärjestelmä
          </div>
        </div>
        <div>
          <div
            class="sidebar-content-phase"
          >
            <div
              class="parent-name"
            >
              Vireillepano/-tulo
            </div>
            <div
              class="missing-attributes"
            >
              <div
                class="warn-attribute"
              >
                <i
                  class="fa-solid fa-circle-exclamation"
                />
                 
                Rekisteröinti/ Tietojärjestelmä
              </div>
            </div>
          </div>
        </div>
        <div>
          <div
            class="sidebar-content-phase"
          >
            <div
              class="parent-name"
            >
              Vireillepano/-tulo
            </div>
            <div
              class="missing-attributes"
            />
          </div>
        </div>
      </div>
    </div>
  </div>
</div>
`;
