// Vitest Snapshot v1, https://vitest.dev/guide/snapshot.html

exports[`<EditorForm /> > should render correctly 1`] = `
<div>
  <div
    class="add-box col-xs-12"
    data-testid="editor-form-function-edit"
  >
    <h4>
      Käsittelyprosessin tiedot
    </h4>
    <form
      class="editor-form"
    >
      <div />
      <div
        class="col-xs-12"
      >
        <button
          class="btn btn-success pull-right editor-form__submit"
          data-testid="editor-form-submit"
          type="submit"
        >
          OK
        </button>
        <button
          class="btn btn-danger pull-right editor-form__cancel"
          data-testid="editor-form-cancel"
          type="button"
        >
          Peruuta
        </button>
        <button
          class="btn btn-primary pull-right editor-form__cancel"
          data-testid="editor-form-show-more"
          type="button"
        >
          Näytä lisää
        </button>
      </div>
    </form>
  </div>
</div>
`;
